Log file open, 05/06/25 17:08:09
LogTrace: Initializing trace...
LogTrace: Finished trace initialization.
LogInit: Session CrashGUID >====================================================
         Session CrashGUID >   UECC-Windows-78D3E9CE4E90527084B56E81B2AC5149
         Session CrashGUID >====================================================
LogConfig: No local boot hotfix file found at: [../../../../FinalyearProject/FinalYearProject/Saved/PersistentDownloadDir/HotfixForNextBoot.txt]
LogPluginManager: Mounting Engine plugin PlatformCrypto
LogInit: ExecutableName: UnrealPak.exe
LogInit: Build: ++UE5+Release-5.5-CL-39772772
LogInit: Platform=WindowsEditor
LogInit: MachineId=eab0cd0e4c276906ec39669d3f8d6827
LogInit: DeviceId=
LogInit: Engine Version: 5.5.3-39772772+++UE5+Release-5.5
LogInit: Compatible Engine Version: 5.5.0-37670630+++UE5+Release-5.5
LogInit: Net CL: 37670630
LogInit: OS: Windows 11 (24H2) [10.0.26100.3775] (), CPU: 11th Gen Intel(R) Core(TM) i9-11900KF @ 3.50GHz, GPU: NVIDIA GeForce RTX 3070 Ti
LogInit: Compiled (64-bit): Feb  5 2025 22:49:28
LogInit: Architecture: x64
LogInit: Compiled with Visual C++: 19.38.33130.00
LogInit: Build Configuration: Development
LogInit: Branch Name: ++UE5+Release-5.5
LogInit: Command Line: -CreateGlobalContainer=D:\FinalyearProject\FinalYearProject\Saved\StagedBuilds\Windows\FinalYearProject\Content\Paks\global.utoc -PackageStoreManifest=D:\FinalyearProject\FinalYearProject\Saved\Cooked\Windows\FinalYearProject\Metadata\packagestore.manifest -CookedDirectory=D:\FinalyearProject\FinalYearProject\Saved\Cooked\Windows -Commands="C:\Users\Berren\AppData\Roaming\Unreal Engine\AutomationTool\Logs\D+UE_5.5\IoStoreCommands.txt" -ScriptObjects=D:\FinalyearProject\FinalYearProject\Saved\Cooked\Windows\FinalYearProject\Metadata\scriptobjects.bin -patchpaddingalign=2048 -compressionformats=Oodle -compresslevel=4 -compressmethod=Kraken -cryptokeys=D:\FinalyearProject\FinalYearProject\Saved\Cooked\Windows\FinalYearProject\Metadata\Crypto.json -compressionMinBytesSaved=1024 -compressionMinPercentSaved=5 -WriteBackMetadataToAssetRegistry=Disabled -nopak
LogInit: Base Directory: D:/UE_5.5/Engine/Binaries/Win64/
LogInit: Allocator: Mimalloc
LogInit: Installed Engine Build: 1
LogInit: This binary is optimized with LTO: no, PGO: no, instrumented for PGO data collection: no
LogDevObjectVersion: Number of dev versions registered: 35
LogDevObjectVersion:   Dev-Blueprints (B0D832E4-1F89-4F0D-ACCF-7EB736FD4AA2): 10
LogDevObjectVersion:   Dev-Build (E1C64328-A22C-4D53-A36C-8E866417BD8C): 0
LogDevObjectVersion:   Dev-Core (375EC13C-06E4-48FB-B500-84F0262A717E): 4
LogDevObjectVersion:   Dev-Editor (E4B068ED-F494-42E9-A231-DA0B2E46BB41): 40
LogDevObjectVersion:   Dev-Framework (CFFC743F-43B0-4480-9391-14DF171D2073): 37
LogDevObjectVersion:   Dev-Mobile (B02B49B5-BB20-44E9-A304-32B752E40360): 3
LogDevObjectVersion:   Dev-Networking (A4E4105C-59A1-49B5-A7C5-40C4547EDFEE): 0
LogDevObjectVersion:   Dev-Online (39C831C9-5AE6-47DC-9A44-9C173E1C8E7C): 0
LogDevObjectVersion:   Dev-Physics (78F01B33-EBEA-4F98-B9B4-84EACCB95AA2): 20
LogDevObjectVersion:   Dev-Platform (6631380F-2D4D-43E0-8009-CF276956A95A): 0
LogDevObjectVersion:   Dev-Rendering (12F88B9F-8875-4AFC-A67C-D90C383ABD29): 49
LogDevObjectVersion:   Dev-Sequencer (7B5AE74C-D270-4C10-A958-57980B212A5A): 13
LogDevObjectVersion:   Dev-VR (D7296918-1DD6-4BDD-9DE2-64A83CC13884): 3
LogDevObjectVersion:   Dev-LoadTimes (C2A15278-BFE7-4AFE-6C17-90FF531DF755): 1
LogDevObjectVersion:   Private-Geometry (6EACA3D4-40EC-4CC1-B786-8BED09428FC5): 3
LogDevObjectVersion:   Dev-AnimPhys (29E575DD-E0A3-4627-9D10-D276232CDCEA): 17
LogDevObjectVersion:   Dev-Anim (AF43A65D-7FD3-4947-9873-3E8ED9C1BB05): 15
LogDevObjectVersion:   Dev-ReflectionCapture (6B266CEC-1EC7-4B8F-A30B-E4D90942FC07): 1
LogDevObjectVersion:   Dev-Automation (0DF73D61-A23F-47EA-B727-89E90C41499A): 1
LogDevObjectVersion:   FortniteMain (601D1886-AC64-4F84-AA16-D3DE0DEAC7D6): 170
LogDevObjectVersion:   FortniteValkyrie (8DBC2C5B-54A7-43E0-A768-FCBB7DA29060): 8
LogDevObjectVersion:   FortniteSeason (5B4C06B7-2463-4AF8-805B-BF70CDF5D0DD): 13
LogDevObjectVersion:   FortniteRelease (E7086368-6B23-4C58-8439-1B7016265E91): 15
LogDevObjectVersion:   Dev-Enterprise (9DFFBCD6-494F-0158-E221-12823C92A888): 10
LogDevObjectVersion:   Dev-Niagara (F2AED0AC-9AFE-416F-8664-AA7FFA26D6FC): 1
LogDevObjectVersion:   Dev-Destruction (174F1F0B-B4C6-45A5-B13F-2EE8D0FB917D): 10
LogDevObjectVersion:   Dev-Physics-Ext (35F94A83-E258-406C-A318-09F59610247C): 41
LogDevObjectVersion:   Dev-PhysicsMaterial-Chaos (B68FC16E-8B1B-42E2-B453-215C058844FE): 1
LogDevObjectVersion:   Dev-CineCamera (B2E18506-4273-CFC2-A54E-F4BB758BBA07): 1
LogDevObjectVersion:   Dev-VirtualProduction (64F58936-FD1B-42BA-BA96-7289D5D0FA4E): 1
LogDevObjectVersion:   UE5-Main (697DD581-E64F-41AB-AA4A-51ECBEB7B628): 119
LogDevObjectVersion:   UE5-Release (D89B5E42-24BD-4D46-8412-ACA8DF641779): 51
LogDevObjectVersion:   UE5-PrivateFrosty (59DA5D52-1232-4948-B878-597870B8E98B): 8
LogDevObjectVersion:   Dev-MediaFramework (6F0ED827-A609-4895-9C91-998D90180EA4): 2
LogDevObjectVersion:   Dev-NaniteResearch (30D58BE3-95EA-4282-A6E3-B159D8EBB06A): 1
LogConfig: Branch 'PlatformCrypto' had been unloaded. Reloading on-demand took 0.11ms
LogInit: Presizing for max 100000 objects, including 0 objects not considered by GC.
LogInit: Object subsystem initialized
LogConfig: Applying CVar settings from Section [Startup] File [../../../Engine/Config/ConsoleVariables.ini]
LogConfig: CVar [[r.DumpShaderDebugInfo:2]] deferred - dummy variable created
LogConfig: CVar [[p.chaos.AllowCreatePhysxBodies:1]] deferred - dummy variable created
LogConfig: CVar [[fx.SkipVectorVMBackendOptimizations:1]] deferred - dummy variable created
LogConfig: CVar [[ds.CADTranslator.Meshing.ActivateThinZoneMeshing:0]] deferred - dummy variable created
LogConfig: CVar [[ds.CADTranslator.Stitching.RemoveThinFaces:0]] deferred - dummy variable created
LogConfig: Applying CVar settings from Section [Startup_Windows] File [../../../Engine/Config/ConsoleVariables.ini]
LogConfig: Applying CVar settings from Section [ConsoleVariables] File [Engine]
LogConfig: Set CVar [[memory.MemoryPressureCriticalThresholdMB:512]]
[2025.05.06-16.08.09:459][  0]LogInit: Computer: BERRENSBIGCOMPU
[2025.05.06-16.08.09:459][  0]LogInit: User: Berren
[2025.05.06-16.08.09:459][  0]LogInit: CPU Page size=4096, Cores=8
[2025.05.06-16.08.09:459][  0]LogInit: High frequency timer resolution =10.000000 MHz
[2025.05.06-16.08.09:591][  0]LogMemory: Process is running as part of a Windows Job with separate resource limits
[2025.05.06-16.08.09:591][  0]LogMemory: Memory total: Physical=63.9GB (64GB approx) Virtual=67.9GB
[2025.05.06-16.08.09:591][  0]LogMemory: Platform Memory Stats for WindowsEditor
[2025.05.06-16.08.09:591][  0]LogMemory: Process Physical Memory: 62.35 MB used, 63.11 MB peak
[2025.05.06-16.08.09:591][  0]LogMemory: Process Virtual Memory: 123.45 MB used, 123.45 MB peak
[2025.05.06-16.08.09:591][  0]LogMemory: Physical Memory: 19093.98 MB used,  46311.06 MB free, 65405.04 MB total
[2025.05.06-16.08.09:591][  0]LogMemory: Virtual Memory: 28635.94 MB used,  40865.10 MB free, 69501.04 MB total
[2025.05.06-16.08.09:595][  0]LogAssetRegistry: FAssetRegistry took 0.0001 seconds to start up
[2025.05.06-16.08.09:595][  0]LogUObjectArray: 438 objects as part of root set at end of initial load.
[2025.05.06-16.08.09:595][  0]LogUObjectArray: CloseDisregardForGC: 0/0 objects in disregard for GC pool
[2025.05.06-16.08.09:595][  0]LogInit: Using OS detected language ().
[2025.05.06-16.08.09:595][  0]LogInit: Using OS detected locale ().
[2025.05.06-16.08.09:595][  0]LogTextLocalizationManager: No localization for '' exists, so 'en' will be used for the language.
[2025.05.06-16.08.09:596][  0]LogTextLocalizationManager: No localization for '' exists, so 'en' will be used for the locale.
[2025.05.06-16.08.09:596][  0]LogInit: Using OS detected language ().
[2025.05.06-16.08.09:596][  0]LogInit: Using OS detected locale ().
[2025.05.06-16.08.09:596][  0]LogTextLocalizationManager: No localization for '' exists, so 'en' will be used for the language.
[2025.05.06-16.08.09:596][  0]LogTextLocalizationManager: No localization for '' exists, so 'en' will be used for the locale.
[2025.05.06-16.08.09:596][  0]LogPakFile: Display: ProjectDir: ../../../../FinalyearProject/FinalYearProject/
[2025.05.06-16.08.09:597][  0]LogIoStore: Display: ==================== IoStore Utils ====================
[2025.05.06-16.08.09:597][  0]LogIoStore: Display: Parsing crypto keys from a crypto key cache file 'D:\FinalyearProject\FinalYearProject\Saved\Cooked\Windows\FinalYearProject\Metadata\Crypto.json'
[2025.05.06-16.08.09:601][  0]LogIoStore: Display: Container signing - DISABLED
[2025.05.06-16.08.09:601][  0]LogIoStore: Display: Directory index - ENABLED
[2025.05.06-16.08.09:601][  0]LogIoStore: Display: Using compression format 'Oodle'
[2025.05.06-16.08.09:601][  0]LogIoStore: Display: Using memory mapping alignment '16384'
[2025.05.06-16.08.09:601][  0]LogIoStore: Display: Using compression block size '65536'
[2025.05.06-16.08.09:601][  0]LogIoStore: Display: Using compression block alignment '2048'
[2025.05.06-16.08.09:601][  0]LogIoStore: Display: Using compression min bytes saved '1024'
[2025.05.06-16.08.09:601][  0]LogIoStore: Display: Using compression min percent saved '5'
[2025.05.06-16.08.09:601][  0]LogIoStore: Display: Using max partition size '0'
[2025.05.06-16.08.09:601][  0]LogIoStore: Display: Not using DDC for compression
[2025.05.06-16.08.09:601][  0]LogIoStore: Display: Using command list file: 'C:\Users\Berren\AppData\Roaming\Unreal Engine\AutomationTool\Logs\D+UE_5.5\IoStoreCommands.txt'
[2025.05.06-16.08.09:603][  0]LogIoStore: Display: Selected Oodle level 4 (Normal) from command line for shaders
[2025.05.06-16.08.09:604][  0]LogIoStore: Display: Fetched 911 oplog items from Manifest in 0.00 seconds
[2025.05.06-16.08.09:607][  0]LogIoStore: Display: Parsed 911 oplog items 0.00 seconds, 1209 chunks
[2025.05.06-16.08.09:614][  0]LogIoStore: Display: Using input asset registry: D:/FinalyearProject/FinalYearProject/Saved/Cooked/Windows/FinalYearProject/Metadata/DevelopmentAssetRegistry.bin
[2025.05.06-16.08.09:622][  0]LogIoStore: Display: Loaded 309 chunk hashes from AssetRegistry in 0.01 seconds, 309 hashes updated in 0.00 seconds
[2025.05.06-16.08.09:623][  0]LogIoStore: Display: Searching for cooked assets in folder 'D:\FinalyearProject\FinalYearProject\Saved\Cooked\Windows'
[2025.05.06-16.08.09:643][  0]LogIoStore: Display: Found '2117' files
[2025.05.06-16.08.09:650][  0]LogIoStore: Display: Creating container targets...
[2025.05.06-16.08.09:653][  0]OodleDataCompression: Display: Oodle v2.9.12 format for pak/iostore with method=Kraken, level=4=Normal
[2025.05.06-16.08.09:693][  0]LogIoStore: Display: Parsing packages...
[2025.05.06-16.08.09:693][  0]LogIoStore: Display: Reading package assets...
[2025.05.06-16.08.09:702][  0]LogIoStore: Display: Packages read 900 files in 0.01 seconds, 3,345,799 total bytes, 399,856,468 bytes per second
[2025.05.06-16.08.09:717][  0]LogIoStore: Display: Processing shader libraries, compressing with Oodle Mermaid, level 4 (Normal)
[2025.05.06-16.08.09:723][  0]LogShaderLibrary: Display: Created IoStoreShaderArchive header: shaders grouped in 222 groups (74 of them didn't need new indices), average uncompressed size 70781 bytes, min 325 bytes, max 965040 bytes (r.ShaderCodeLibrary.MaxShaderGroupSize=1048576)
[2025.05.06-16.08.09:746][  0]LogIoStore: Display: FinalYearProject-PCD3D_SM5(PCD3D_SM5): Recompressed 1443 shaders as 222 groups. Library size changed from 4223 KB (3.63 : 1 ratio) to 1847 KB (8.30 : 1 ratio), 43.75% of previous.
[2025.05.06-16.08.09:756][  0]LogShaderLibrary: Display: Created IoStoreShaderArchive header: shaders grouped in 247 groups (51 of them didn't need new indices), average uncompressed size 128174 bytes, min 2342 bytes, max 1026912 bytes (r.ShaderCodeLibrary.MaxShaderGroupSize=1048576)
[2025.05.06-16.08.09:876][  0]LogIoStore: Display: FinalYearProject-PCD3D_SM6(PCD3D_SM6): Recompressed 2630 shaders as 247 groups. Library size changed from 23576 KB (1.31 : 1 ratio) to 15492 KB (2.00 : 1 ratio), 65.71% of previous.
[2025.05.06-16.08.09:883][  0]LogShaderLibrary: Display: Created IoStoreShaderArchive header: shaders grouped in 361 groups (136 of them didn't need new indices), average uncompressed size 155716 bytes, min 249 bytes, max 1047981 bytes (r.ShaderCodeLibrary.MaxShaderGroupSize=1048576)
[2025.05.06-16.08.09:950][  0]LogIoStore: Display: Global-PCD3D_SM5(PCD3D_SM5): Recompressed 3923 shaders as 361 groups. Library size changed from 12638 KB (4.34 : 1 ratio) to 5567 KB (9.86 : 1 ratio), 44.05% of previous.
[2025.05.06-16.08.09:979][  0]LogShaderLibrary: Display: Created IoStoreShaderArchive header: shaders grouped in 543 groups (184 of them didn't need new indices), average uncompressed size 211036 bytes, min 1249 bytes, max 1045875 bytes (r.ShaderCodeLibrary.MaxShaderGroupSize=1048576)
[2025.05.06-16.08.10:509][  0]LogIoStore: Display: Global-PCD3D_SM6(PCD3D_SM6): Recompressed 7592 shaders as 543 groups. Library size changed from 85655 KB (1.31 : 1 ratio) to 48232 KB (2.32 : 1 ratio), 56.31% of previous.
[2025.05.06-16.08.10:513][  0]LogIoStore: Display: Shaders processed in 0.80 seconds
[2025.05.06-16.08.10:513][  0]LogIoStore: Display: Initialized WriteRequestManager with MaxConcurrentSourceReads=8 (16 cores), MaxSourceBufferMemory=3072MiB
[2025.05.06-16.08.10:515][  0]LogIoStore: Display: Processing redirects...
[2025.05.06-16.08.10:515][  0]LogIoStore: Display: Creating disk layout...
[2025.05.06-16.08.10:516][  0]LogIoStore: Display: Ordered 900 packages using fallback bundle order
[2025.05.06-16.08.10:524][  0]LogIoStore: Display: Serializing container(s)...
[2025.05.06-16.08.12:528][  0]LogIoStore: Display: Writing chunks 2362/2586... [986 compressed] [624 compression tasks] [Physical: 1358 MiB, Virtual: 3656 MiB]
[2025.05.06-16.08.12:726][  0]LogIoStore: Display: Writing and compressing took 1.98 seconds, writes to disk took 0.40 seconds for 683,844,816 bytes @ 1,709,964,720 bytes per second.
[2025.05.06-16.08.12:726][  0]LogIoStore: Display: global: Found perfect hashmap for 1 items.
[2025.05.06-16.08.12:727][  0]LogIoStore: Display: FinalYearProject-Windows: Found perfect hashmap for 2585 items.
[2025.05.06-16.08.14:217][  0]LogIoStore: Display: Finalize took 1.5 seconds for 2 writers to write 410,338 bytes, 275,254 bytes per second
[2025.05.06-16.08.14:217][  0]LogIoStore: Display: Writing tocs... [Physical: 1365 MiB, Virtual: 3609 MiB]
[2025.05.06-16.08.14:217][  0]LogIoStore: Display: 309 / 2,586 hashes were loaded from the hash database, by type:
[2025.05.06-16.08.14:217][  0]LogIoStore: Display:     BulkData                   309
[2025.05.06-16.08.14:217][  0]LogIoStore: Display: 1,209 / 2,586 chunks attempted to compress, by type:
[2025.05.06-16.08.14:217][  0]LogIoStore: Display:     ExportBundleData           900 / 900
[2025.05.06-16.08.14:217][  0]LogIoStore: Display:     BulkData                   309 / 309
[2025.05.06-16.08.14:217][  0]LogIoStore: Display:     ScriptObjects              0 / 1
[2025.05.06-16.08.14:217][  0]LogIoStore: Display:     ContainerHeader            0 / 1
[2025.05.06-16.08.14:217][  0]LogIoStore: Display:     ShaderCodeLibrary          0 / 4
[2025.05.06-16.08.14:217][  0]LogIoStore: Display:     ShaderCode                 0 / 1,371
[2025.05.06-16.08.14:217][  0]LogIoStore: Display: Source bytes read:
[2025.05.06-16.08.14:217][  0]LogIoStore: Display:     Zen:                                  0
[2025.05.06-16.08.14:217][  0]LogIoStore: Display:     Loose File:               1,702,005,694
[2025.05.06-16.08.14:217][  0]LogIoStore: Display:         ExportBundleData       1,343,120,950 bytes over 1,800 reads
[2025.05.06-16.08.14:217][  0]LogIoStore: Display:         BulkData                358,884,744 bytes over 309 reads
[2025.05.06-16.08.14:217][  0]LogIoStore: Display:     Memory:                     146,959,708
[2025.05.06-16.08.14:217][  0]LogIoStore: Display:         ShaderCodeLibrary         1,270,152 bytes over 8 reads
[2025.05.06-16.08.14:217][  0]LogIoStore: Display:         ShaderCode              145,689,556 bytes over 2,742 reads
[2025.05.06-16.08.14:217][  0]LogIoStore: Display: Calculating stats...
[2025.05.06-16.08.14:218][  0]LogIoStore: Display: 
[2025.05.06-16.08.14:218][  0]LogIoStore: Display: Container Summary
[2025.05.06-16.08.14:218][  0]LogIoStore: Display: ==================
[2025.05.06-16.08.14:218][  0]LogIoStore: Display: 
[2025.05.06-16.08.14:218][  0]LogIoStore: Display: Container                                               Flags      Chunk(s) #       TOC (KiB)       Raw Size (MiB)           Size (MiB)
[2025.05.06-16.08.14:218][  0]LogIoStore: Display: ----------------------------------------------------------------------------------------------------------------------------------------------
[2025.05.06-16.08.14:218][  0]LogIoStore: Display: global                                              -/-/-/-/-               1            0.63                 2.37                 2.37 -
[2025.05.06-16.08.14:218][  0]LogIoStore: Display: FinalYearProject-Windows                            C/-/-/I/-            2585          400.09              1057.30               649.80 (38.54% Oodle)
[2025.05.06-16.08.14:218][  0]LogIoStore: Display: ----------------------------------------------------------------------------------------------------------------------------------------------
[2025.05.06-16.08.14:218][  0]LogIoStore: Display: Total                                                                    2586          400.72              1059.67               652.17
[2025.05.06-16.08.14:218][  0]LogIoStore: Display: 
[2025.05.06-16.08.14:218][  0]LogIoStore: Display: ** Flags: (C)ompressed / (E)ncrypted / (S)igned) / (I)ndexed) / (O)nDemand **
[2025.05.06-16.08.14:218][  0]LogIoStore: Display: 
[2025.05.06-16.08.14:218][  0]LogIoStore: Display: Compression block padding:     1.88 MiB
[2025.05.06-16.08.14:218][  0]LogIoStore: Display: 
[2025.05.06-16.08.14:218][  0]LogIoStore: Display: Container Directory Index
[2025.05.06-16.08.14:218][  0]LogIoStore: Display: ==========================
[2025.05.06-16.08.14:218][  0]LogIoStore: Display: 
[2025.05.06-16.08.14:218][  0]LogIoStore: Display: Container                                          Size (KiB)
[2025.05.06-16.08.14:218][  0]LogIoStore: Display: ----------------------------------------------------------------------------------------------------------------------------------------------
[2025.05.06-16.08.14:218][  0]LogIoStore: Display: global                                                   0.00
[2025.05.06-16.08.14:218][  0]LogIoStore: Display: FinalYearProject-Windows                                57.04
[2025.05.06-16.08.14:218][  0]LogIoStore: Display: 
[2025.05.06-16.08.14:218][  0]LogIoStore: Display: Container Patch Report
[2025.05.06-16.08.14:218][  0]LogIoStore: Display: ========================
[2025.05.06-16.08.14:218][  0]LogIoStore: Display: 
[2025.05.06-16.08.14:218][  0]LogIoStore: Display: Container                                             Total #       Modified #          Added #   Modified (MiB)      Added (MiB)
[2025.05.06-16.08.14:218][  0]LogIoStore: Display: ----------------------------------------------------------------------------------------------------------------------------------------------
[2025.05.06-16.08.14:218][  0]LogIoStore: Display: global                                                      1                0                0             0.00             0.00
[2025.05.06-16.08.14:218][  0]LogIoStore: Display: FinalYearProject-Windows                                 2585                0             2585             0.00           647.92
[2025.05.06-16.08.14:218][  0]LogIoStore: Display: 
[2025.05.06-16.08.14:218][  0]LogIoStore: Display: PackageStore
[2025.05.06-16.08.14:218][  0]LogIoStore: Display: =============
[2025.05.06-16.08.14:218][  0]LogIoStore: Display: 
[2025.05.06-16.08.14:218][  0]LogIoStore: Display: Container                                          Size (KiB)      Packages #     Localized #
[2025.05.06-16.08.14:218][  0]LogIoStore: Display: ----------------------------------------------------------------------------------------------------------------------------------------------
[2025.05.06-16.08.14:218][  0]LogIoStore: Display: FinalYearProject-Windows                                   33             900               0
[2025.05.06-16.08.14:218][  0]LogIoStore: Display: ----------------------------------------------------------------------------------------------------------------------------------------------
[2025.05.06-16.08.14:218][  0]LogIoStore: Display: Total                                                      33             900               0
[2025.05.06-16.08.14:218][  0]LogIoStore: Display: 
[2025.05.06-16.08.14:218][  0]LogIoStore: Display: 
[2025.05.06-16.08.14:218][  0]LogIoStore: Display: Input:       900 Packages
[2025.05.06-16.08.14:218][  0]LogIoStore: Display: Input:      0.63 GB UExp
[2025.05.06-16.08.14:218][  0]LogIoStore: Display: Input:      0.00 GB UAsset
[2025.05.06-16.08.14:218][  0]LogIoStore: Display: Input:      0.33 GB UBulk
[2025.05.06-16.08.14:218][  0]LogIoStore: Display: Input:     52.54 MB for 904 Global shaders
[2025.05.06-16.08.14:218][  0]LogIoStore: Display: Input:      1.81 MB for 179 Shared shaders
[2025.05.06-16.08.14:218][  0]LogIoStore: Display: Input:      0.00 MB for 0 Unique shaders
[2025.05.06-16.08.14:218][  0]LogIoStore: Display: Input:     15.12 MB for 288 Inline shaders
[2025.05.06-16.08.14:218][  0]LogIoStore: Display: 
[2025.05.06-16.08.14:218][  0]LogIoStore: Display: Output:     8409 Name map entries
[2025.05.06-16.08.14:218][  0]LogIoStore: Display: Output:     1527 Imported package entries
[2025.05.06-16.08.14:218][  0]LogIoStore: Display: Output:      465 Packages without imports
[2025.05.06-16.08.14:219][  0]LogIoStore: Display: Output:        0 Public runtime script objects
[2025.05.06-16.08.14:219][  0]LogIoStore: Display: Output:     0.00 GB HeaderData
[2025.05.06-16.08.14:219][  0]LogIoStore: Display: Output:     2.37 MB InitialLoadData
[2025.05.06-16.08.14:219][  0]LogIoStore: Display: 
[2025.05.06-16.08.14:221][  0]LogPakFile: Display: UnrealPak executed in 4.625032 seconds
[2025.05.06-16.08.14:586][  0]LogCore: Engine exit requested (reason: UnrealPak Exiting)
[2025.05.06-16.08.14:586][  0]LogExit: Preparing to exit.
[2025.05.06-16.08.14:586][  0]LogExit: Object subsystem successfully closed.
[2025.05.06-16.08.14:587][  0]LogPakFile: Destroying PakPlatformFile
[2025.05.06-16.08.14:588][  0]LogExit: Exiting.
[2025.05.06-16.08.15:011][  0]Log file closed, 05/06/25 17:08:15
